{
  "_guid_" : "J1-CT2-04_result",
  "id" : "${[scenarioContext][customValues][caseIdAsIntegerFrom_J1-CT2-04]}",
  "jurisdiction" : "J1",
  "state" : "Unissued1",
  "version" : null,
  "case_type_id" : "CT2",
  "created_date" : "[[ANYTHING_PRESENT]]",
  "last_modified" : "[[ANYTHING_PRESENT]]",
  "last_state_modified_date" : "[[ANYTHING_PRESENT]]",
  "security_classification" : "PUBLIC",
  "case_data" : {
    "F3" : "c${[scenarioContext][customValues][UniqueString]}"
  },
  "data_classification" : {
    "F1" : "RESTRICTED",
    "F2" : "PRIVATE",
    "F3" : "PUBLIC",
    "F4" : "RESTRICTED"
  },
  "supplementary_data" : null,
  "after_submit_callback_response" : null,
  "callback_response_status_code" : null,
  "callback_response_status" : null,
  "delete_draft_response_status_code" : null,
  "delete_draft_response_status" : null,
  "security_classifications" : {
    "F1" : "RESTRICTED",
    "F2" : "PRIVATE",
    "F3" : "PUBLIC",
    "F4" : "RESTRICTED"
  }
}
